smash> smash> smash> [1] sleep 10&
smash> smash> [1] sleep 10&
[2] sleep 20&
smash> smash> smash> [1] sleep 10&
[2] sleep 20&
[3] sleep 30&
[4] sleep 40&
smash> smash: sending SIGKILL signal to 4 jobs:
3332: sleep 10&
3334: sleep 20&
3336: sleep 30&
3337: sleep 40&
