smash> smash> smash> signal number 1 was sent to pid 3375
smash> smash> smash: sending SIGKILL signal to 0 jobs:
