smash> smash> smash> smash> smash: sending SIGKILL signal to 1 jobs:
3458: sleep 100000&
