smash> smash> smash> smash: sending SIGKILL signal to 2 jobs:
3470: sleep 10000&
3471: sleep 10000&
