smash> smash> smash> smash> smash> smash> smash> smash> smash> smash> smash> smash> smash> smash> signal number 9 was sent to pid 3075
smash> smash> smash> smash> smash> [1] sleep 7&
smash> smash> [1] sleep 7&
[2] sleep 5&
smash> smash> [1] sleep 7&
[2] sleep 5&
[3] sleep 3&
smash> smash> smash> smash> smash> [1] sleep 10 &
smash> signal number 9 was sent to pid 3083
smash> smash> smash> smash> smash: got ctrl-C
smash: process 3104 was killed
smash> [1] sleep 5&
[2]           sleep        10   &
smash> signal number 9 was sent to pid 3100
smash> [2]           sleep        10   &
smash> signal number 9 was sent to pid 3102
smash> smash> smash> smash> smash: got ctrl-C
smash: process 3107 was killed
smash> signal number 9 was sent to pid 3105
smash> smash: sending SIGKILL signal to 0 jobs:
